// Jest Snapshot v1, https://goo.gl/fbAQLP

exports[`farrow-federation Introspection 1`] = `
{
  "entries": {
    "entries": {
      "bar": {
        "entries": {
          "getTodos": {
            "input": {
              "$ref": "#/types/9",
              "typeId": 9,
            },
            "output": {
              "$ref": "#/types/13",
              "typeId": 13,
            },
            "type": "Api",
          },
        },
        "type": "Entries",
      },
      "foo": {
        "entries": {
          "getTodos": {
            "input": {
              "$ref": "#/types/0",
              "typeId": 0,
            },
            "output": {
              "$ref": "#/types/4",
              "typeId": 4,
            },
            "type": "Api",
          },
        },
        "type": "Entries",
      },
      "greet": {
        "entries": {
          "greet": {
            "description": "Greeting",
            "input": {
              "$ref": "#/types/18",
              "typeId": 18,
            },
            "output": {
              "$ref": "#/types/20",
              "typeId": 20,
            },
            "type": "Api",
          },
        },
        "type": "Entries",
      },
      "todo": {
        "entries": {
          "addTodo": {
            "description": "add todo",
            "input": {
              "$ref": "#/types/27",
              "typeId": 27,
            },
            "output": {
              "$ref": "#/types/30",
              "typeId": 30,
            },
            "type": "Api",
          },
          "getTodos": {
            "description": "get todos",
            "input": {
              "$ref": "#/types/20",
              "typeId": 20,
            },
            "output": {
              "$ref": "#/types/21",
              "typeId": 21,
            },
            "type": "Api",
          },
          "new": {
            "entries": {
              "clearCompleted": {
                "description": "clear completed",
                "input": {
                  "$ref": "#/types/45",
                  "typeId": 45,
                },
                "output": {
                  "$ref": "#/types/46",
                  "typeId": 46,
                },
                "type": "Api",
              },
              "removeTodo": {
                "deprecated": "test",
                "description": "remove todo",
                "input": {
                  "$ref": "#/types/33",
                  "typeId": 33,
                },
                "output": {
                  "$ref": "#/types/36",
                  "typeId": 36,
                },
                "type": "Api",
              },
              "updateTodo": {
                "description": "update todo",
                "input": {
                  "$ref": "#/types/39",
                  "typeId": 39,
                },
                "output": {
                  "$ref": "#/types/43",
                  "typeId": 43,
                },
                "type": "Api",
              },
            },
            "type": "Entries",
          },
        },
        "type": "Entries",
      },
    },
    "type": "Entries",
  },
  "protocol": "Farrow-API",
  "types": {
    "0": {
      "fields": {
        "id": {
          "$ref": "#/types/1",
          "typeId": 1,
        },
      },
      "type": "Struct",
    },
    "1": {
      "type": "Scalar",
      "valueName": "String",
      "valueType": "string",
    },
    "10": {
      "type": "Scalar",
      "valueName": "String",
      "valueType": "string",
    },
    "11": {
      "fields": {
        "todos": {
          "$ref": "#/types/16",
          "typeId": 16,
        },
        "type": {
          "$ref": "#/types/14",
          "typeId": 14,
        },
      },
      "type": "Struct",
    },
    "12": {
      "fields": {
        "message": {
          "$ref": "#/types/10",
          "typeId": 10,
        },
        "type": {
          "$ref": "#/types/17",
          "typeId": 17,
        },
      },
      "type": "Struct",
    },
    "13": {
      "itemTypes": [
        {
          "$ref": "#/types/11",
          "typeId": 11,
        },
        {
          "$ref": "#/types/12",
          "typeId": 12,
        },
      ],
      "type": "Union",
    },
    "14": {
      "type": "Literal",
      "value": "GetTodosSuccess",
    },
    "15": {
      "fields": {
        "content": {
          "$ref": "#/types/10",
          "typeId": 10,
        },
        "createTime": {
          "$ref": "#/types/18",
          "typeId": 18,
        },
      },
      "type": "Struct",
    },
    "16": {
      "$ref": "#/types/15",
      "itemTypeId": 15,
      "type": "List",
    },
    "17": {
      "type": "Literal",
      "value": "UnknownID",
    },
    "18": {
      "fields": {
        "name": {
          "$ref": "#/types/19",
          "description": "The name for greeting",
          "typeId": 19,
        },
      },
      "name": "GreetInput",
      "type": "Object",
    },
    "19": {
      "type": "Scalar",
      "valueName": "String",
      "valueType": "string",
    },
    "2": {
      "fields": {
        "todos": {
          "$ref": "#/types/7",
          "typeId": 7,
        },
        "type": {
          "$ref": "#/types/5",
          "typeId": 5,
        },
      },
      "type": "Struct",
    },
    "20": {
      "fields": {},
      "type": "Struct",
    },
    "21": {
      "fields": {
        "todos": {
          "$ref": "#/types/23",
          "description": "all todos",
          "typeId": 23,
        },
      },
      "type": "Struct",
    },
    "22": {
      "fields": {
        "completed": {
          "$ref": "#/types/26",
          "description": "todo status",
          "typeId": 26,
        },
        "content": {
          "$ref": "#/types/25",
          "description": "todo content",
          "typeId": 25,
        },
        "id": {
          "$ref": "#/types/24",
          "description": "todo id",
          "typeId": 24,
        },
      },
      "name": "Todo",
      "type": "Object",
    },
    "23": {
      "$ref": "#/types/22",
      "itemTypeId": 22,
      "type": "List",
    },
    "24": {
      "type": "Scalar",
      "valueName": "Int",
      "valueType": "number",
    },
    "25": {
      "type": "Scalar",
      "valueName": "String",
      "valueType": "string",
    },
    "26": {
      "type": "Scalar",
      "valueName": "Boolean",
      "valueType": "boolean",
    },
    "27": {
      "fields": {
        "content": {
          "$ref": "#/types/25",
          "description": "todo content to add",
          "typeId": 25,
        },
      },
      "name": "AddTodoInput",
      "type": "Object",
    },
    "28": {
      "fields": {
        "message": {
          "$ref": "#/types/25",
          "typeId": 25,
        },
        "type": {
          "$ref": "#/types/31",
          "typeId": 31,
        },
      },
      "name": "InvalidAddTodoInput",
      "type": "Object",
    },
    "29": {
      "fields": {
        "todo": {
          "$ref": "#/types/22",
          "description": "a new todo",
          "typeId": 22,
        },
        "type": {
          "$ref": "#/types/32",
          "typeId": 32,
        },
      },
      "name": "AddTodoSuccess",
      "type": "Object",
    },
    "3": {
      "fields": {
        "message": {
          "$ref": "#/types/1",
          "typeId": 1,
        },
        "type": {
          "$ref": "#/types/8",
          "typeId": 8,
        },
      },
      "type": "Struct",
    },
    "30": {
      "itemTypes": [
        {
          "$ref": "#/types/28",
          "typeId": 28,
        },
        {
          "$ref": "#/types/29",
          "typeId": 29,
        },
      ],
      "name": "AddTodoOutput",
      "type": "Union",
    },
    "31": {
      "type": "Literal",
      "value": "InvalidAddTodoInput",
    },
    "32": {
      "type": "Literal",
      "value": "AddTodoSuccess",
    },
    "33": {
      "fields": {
        "todoId": {
          "$ref": "#/types/24",
          "description": "todo id wait for removing",
          "typeId": 24,
        },
      },
      "name": "RemoveTodoInput",
      "type": "Object",
    },
    "34": {
      "fields": {
        "todoId": {
          "$ref": "#/types/24",
          "description": "invalid todo id",
          "typeId": 24,
        },
        "type": {
          "$ref": "#/types/37",
          "typeId": 37,
        },
      },
      "name": "TodoIdNotFound",
      "type": "Object",
    },
    "35": {
      "fields": {
        "todoId": {
          "$ref": "#/types/24",
          "description": "todo id that removed",
          "typeId": 24,
        },
        "todos": {
          "$ref": "#/types/23",
          "description": "current todos",
          "typeId": 23,
        },
        "type": {
          "$ref": "#/types/38",
          "typeId": 38,
        },
      },
      "name": "RemoveTodoSuccess",
      "type": "Object",
    },
    "36": {
      "itemTypes": [
        {
          "$ref": "#/types/34",
          "typeId": 34,
        },
        {
          "$ref": "#/types/35",
          "typeId": 35,
        },
      ],
      "type": "Union",
    },
    "37": {
      "type": "Literal",
      "value": "TodoIdNotFound",
    },
    "38": {
      "type": "Literal",
      "value": "RemoveTodoSuccess",
    },
    "39": {
      "fields": {
        "completed": {
          "$ref": "#/types/41",
          "description": "new todo status",
          "typeId": 41,
        },
        "content": {
          "$ref": "#/types/40",
          "description": "new todo content",
          "typeId": 40,
        },
        "todoId": {
          "$ref": "#/types/24",
          "description": "todo id wait for update",
          "typeId": 24,
        },
      },
      "name": "UpdateTodoInput",
      "type": "Object",
    },
    "4": {
      "itemTypes": [
        {
          "$ref": "#/types/2",
          "typeId": 2,
        },
        {
          "$ref": "#/types/3",
          "typeId": 3,
        },
      ],
      "type": "Union",
    },
    "40": {
      "$ref": "#/types/25",
      "itemTypeId": 25,
      "type": "Nullable",
    },
    "41": {
      "$ref": "#/types/26",
      "itemTypeId": 26,
      "type": "Nullable",
    },
    "42": {
      "fields": {
        "todoId": {
          "$ref": "#/types/24",
          "description": "todo id that updated",
          "typeId": 24,
        },
        "todos": {
          "$ref": "#/types/23",
          "description": "current todos",
          "typeId": 23,
        },
        "type": {
          "$ref": "#/types/44",
          "typeId": 44,
        },
      },
      "name": "UpdateTodoSuccess",
      "type": "Object",
    },
    "43": {
      "itemTypes": [
        {
          "$ref": "#/types/34",
          "typeId": 34,
        },
        {
          "$ref": "#/types/42",
          "typeId": 42,
        },
      ],
      "name": "UpdateTodoOutput",
      "type": "Union",
    },
    "44": {
      "type": "Literal",
      "value": "UpdateTodoSuccess",
    },
    "45": {
      "fields": {},
      "type": "Struct",
    },
    "46": {
      "fields": {
        "todos": {
          "$ref": "#/types/23",
          "description": "current todos",
          "typeId": 23,
        },
      },
      "type": "Struct",
    },
    "5": {
      "type": "Literal",
      "value": "GetTodosSuccess",
    },
    "6": {
      "fields": {
        "content": {
          "$ref": "#/types/1",
          "typeId": 1,
        },
        "createTime": {
          "$ref": "#/types/9",
          "typeId": 9,
        },
      },
      "type": "Struct",
    },
    "7": {
      "$ref": "#/types/6",
      "itemTypeId": 6,
      "type": "List",
    },
    "8": {
      "type": "Literal",
      "value": "UnknownID",
    },
    "9": {
      "fields": {
        "id": {
          "$ref": "#/types/10",
          "typeId": 10,
        },
      },
      "type": "Struct",
    },
  },
}
`;
